// Jest Snapshot v1, https://goo.gl/fbAQLP

exports[`PersonalInfo component be tested renders correctly 1`] = `
<RCTScrollView
  style={
    Object {
      "backgroundColor": "#fff",
      "flex": 1,
      "marginBottom": "5%",
      "marginTop": "5%",
    }
  }
>
  <View>
    <View
      style={
        Object {
          "alignItems": "center",
          "backgroundColor": "#fff",
          "flex": 1,
          "justifyContent": "center",
          "marginTop": "40%",
        }
      }
    >
      <View>
        <TextInput
          allowFontScaling={true}
          autoCapitalize="none"
          autoCompleteType="name"
          icon="user"
          onChangeText={[Function]}
          placeholder="نام"
          rejectResponderTermination={true}
          style={
            Object {
              "backgroundColor": "#f1f1f2",
              "borderRadius": 14,
              "color": "black",
              "fontSize": 18,
              "fontWeight": "500",
              "height": 55,
              "marginBottom": 20,
              "padding": 8,
              "textAlign": "center",
              "width": 300,
            }
          }
          testID="namepersonal_check"
          textAlign="center"
          underlineColorAndroid="transparent"
        />
      </View>
      <View>
        <TextInput
          allowFontScaling={true}
          autoCapitalize="none"
          icon="user"
          onChangeText={[Function]}
          placeholder="نام خانوادگی"
          rejectResponderTermination={true}
          style={
            Object {
              "backgroundColor": "#f1f1f2",
              "borderRadius": 14,
              "color": "black",
              "fontSize": 18,
              "fontWeight": "500",
              "height": 55,
              "marginBottom": 20,
              "padding": 8,
              "textAlign": "center",
              "width": 300,
            }
          }
          testID="family_check"
          textAlign="center"
          underlineColorAndroid="transparent"
        />
      </View>
      <View>
        <TextInput
          allowFontScaling={true}
          autoCapitalize="none"
          icon="phone"
          onChangeText={[Function]}
          placeholder="شماره تلفن"
          rejectResponderTermination={true}
          style={
            Object {
              "backgroundColor": "#f1f1f2",
              "borderRadius": 14,
              "color": "black",
              "fontSize": 18,
              "fontWeight": "500",
              "height": 55,
              "marginBottom": 20,
              "padding": 8,
              "textAlign": "center",
              "width": 300,
            }
          }
          testID="phone_check"
          textAlign="center"
          underlineColorAndroid="transparent"
        />
      </View>
      <View>
        <TextInput
          allowFontScaling={true}
          autoCapitalize="none"
          icon="map-pin"
          onChangeText={[Function]}
          placeholder="آدرس"
          rejectResponderTermination={true}
          style={
            Object {
              "backgroundColor": "#f1f1f2",
              "borderRadius": 14,
              "color": "black",
              "fontSize": 18,
              "fontWeight": "500",
              "height": 55,
              "marginBottom": 20,
              "padding": 8,
              "textAlign": "center",
              "width": 300,
            }
          }
          testID="address_check"
          textAlign="center"
          underlineColorAndroid="transparent"
        />
      </View>
      <View>
        <TextInput
          allowFontScaling={true}
          autoCapitalize="none"
          placeholder="ایمیل"
          readonly={true}
          rejectResponderTermination={true}
          style={
            Object {
              "backgroundColor": "#f1f1f2",
              "borderRadius": 14,
              "color": "black",
              "fontSize": 18,
              "fontWeight": "500",
              "height": 55,
              "marginBottom": 20,
              "padding": 8,
              "textAlign": "center",
              "width": 300,
            }
          }
          textAlign="center"
          underlineColorAndroid="transparent"
        />
      </View>
      <View>
        <View
          accessible={true}
          focusable={true}
          onClick={[Function]}
          onResponderGrant={[Function]}
          onResponderMove={[Function]}
          onResponderRelease={[Function]}
          onResponderTerminate={[Function]}
          onResponderTerminationRequest={[Function]}
          onStartShouldSetResponder={[Function]}
          style={
            Object {
              "alignItems": "center",
              "backgroundColor": "#b31414",
              "borderRadius": 10,
              "height": 50,
              "justifyContent": "center",
              "marginBottom": 5,
              "marginTop": 20,
              "opacity": 1,
              "width": 130,
            }
          }
        >
          <Text>
            ذخیره اطلاعات 
          </Text>
        </View>
        <View
          accessible={true}
          focusable={true}
          onClick={[Function]}
          onResponderGrant={[Function]}
          onResponderMove={[Function]}
          onResponderRelease={[Function]}
          onResponderTerminate={[Function]}
          onResponderTerminationRequest={[Function]}
          onStartShouldSetResponder={[Function]}
          style={
            Object {
              "alignItems": "center",
              "backgroundColor": "#b31414",
              "borderRadius": 10,
              "height": 50,
              "justifyContent": "center",
              "marginBottom": 5,
              "marginTop": 20,
              "opacity": 1,
              "width": 130,
            }
          }
        >
          <Text>
            حذف حساب کاربری 
          </Text>
        </View>
      </View>
    </View>
  </View>
</RCTScrollView>
`;
